C:/Users/onwuk/STM32Cube/Example/Zigbee_OnOff_Client_Router/STM32_WPAN/App/app_zigbee.c:132:28:onOff_server_1_off	32	static
C:/Users/onwuk/STM32Cube/Example/Zigbee_OnOff_Client_Router/STM32_WPAN/App/app_zigbee.c:155:28:onOff_server_1_on	32	static
C:/Users/onwuk/STM32Cube/Example/Zigbee_OnOff_Client_Router/STM32_WPAN/App/app_zigbee.c:178:28:onOff_server_1_toggle	40	static
C:/Users/onwuk/STM32Cube/Example/Zigbee_OnOff_Client_Router/STM32_WPAN/App/app_zigbee.c:205:6:APP_ZIGBEE_Init	16	static
C:/Users/onwuk/STM32Cube/Example/Zigbee_OnOff_Client_Router/STM32_WPAN/App/app_zigbee.c:244:13:APP_ZIGBEE_ConfigBasicServer	8	static
C:/Users/onwuk/STM32Cube/Example/Zigbee_OnOff_Client_Router/STM32_WPAN/App/app_zigbee.c:282:13:APP_ZIGBEE_StackLayersInit	8	static
C:/Users/onwuk/STM32Cube/Example/Zigbee_OnOff_Client_Router/STM32_WPAN/App/app_zigbee.c:317:13:APP_ZIGBEE_ConfigEndpoints	40	static
C:/Users/onwuk/STM32Cube/Example/Zigbee_OnOff_Client_Router/STM32_WPAN/App/app_zigbee.c:345:13:APP_ZIGBEE_NwkForm	496	static
C:/Users/onwuk/STM32Cube/Example/Zigbee_OnOff_Client_Router/STM32_WPAN/App/app_zigbee.c:428:13:ZbStartupWaitCb	24	static
C:/Users/onwuk/STM32Cube/Example/Zigbee_OnOff_Client_Router/STM32_WPAN/App/app_zigbee.c:437:20:ZbStartupWait	24	static
C:/Users/onwuk/STM32Cube/Example/Zigbee_OnOff_Client_Router/STM32_WPAN/App/app_zigbee.c:469:6:APP_ZIGBEE_Error	16	static
C:/Users/onwuk/STM32Cube/Example/Zigbee_OnOff_Client_Router/STM32_WPAN/App/app_zigbee.c:492:13:APP_ZIGBEE_TraceError	24	static
C:/Users/onwuk/STM32Cube/Example/Zigbee_OnOff_Client_Router/STM32_WPAN/App/app_zigbee.c:515:13:APP_ZIGBEE_CheckWirelessFirmwareInfo	104	static
C:/Users/onwuk/STM32Cube/Example/Zigbee_OnOff_Client_Router/STM32_WPAN/App/app_zigbee.c:588:6:APP_ZIGBEE_RegisterCmdBuffer	16	static
C:/Users/onwuk/STM32Cube/Example/Zigbee_OnOff_Client_Router/STM32_WPAN/App/app_zigbee.c:593:24:ZIGBEE_Get_OTCmdPayloadBuffer	4	static
C:/Users/onwuk/STM32Cube/Example/Zigbee_OnOff_Client_Router/STM32_WPAN/App/app_zigbee.c:598:24:ZIGBEE_Get_OTCmdRspPayloadBuffer	4	static
C:/Users/onwuk/STM32Cube/Example/Zigbee_OnOff_Client_Router/STM32_WPAN/App/app_zigbee.c:603:24:ZIGBEE_Get_NotificationPayloadBuffer	4	static
C:/Users/onwuk/STM32Cube/Example/Zigbee_OnOff_Client_Router/STM32_WPAN/App/app_zigbee.c:608:24:ZIGBEE_Get_M0RequestPayloadBuffer	4	static
C:/Users/onwuk/STM32Cube/Example/Zigbee_OnOff_Client_Router/STM32_WPAN/App/app_zigbee.c:619:6:ZIGBEE_CmdTransfer	16	static
C:/Users/onwuk/STM32Cube/Example/Zigbee_OnOff_Client_Router/STM32_WPAN/App/app_zigbee.c:641:6:ZIGBEE_CmdTransferWithNotif	8	static
C:/Users/onwuk/STM32Cube/Example/Zigbee_OnOff_Client_Router/STM32_WPAN/App/app_zigbee.c:654:6:TL_ZIGBEE_CmdEvtReceived	16	static
C:/Users/onwuk/STM32Cube/Example/Zigbee_OnOff_Client_Router/STM32_WPAN/App/app_zigbee.c:668:6:TL_ZIGBEE_NotReceived	16	static
C:/Users/onwuk/STM32Cube/Example/Zigbee_OnOff_Client_Router/STM32_WPAN/App/app_zigbee.c:683:6:Pre_ZigbeeCmdProcessing	8	static
C:/Users/onwuk/STM32Cube/Example/Zigbee_OnOff_Client_Router/STM32_WPAN/App/app_zigbee.c:694:13:Wait_Getting_Ack_From_M0	8	static
C:/Users/onwuk/STM32Cube/Example/Zigbee_OnOff_Client_Router/STM32_WPAN/App/app_zigbee.c:706:13:Receive_Ack_From_M0	8	static
C:/Users/onwuk/STM32Cube/Example/Zigbee_OnOff_Client_Router/STM32_WPAN/App/app_zigbee.c:717:13:Receive_Notification_From_M0	8	static
C:/Users/onwuk/STM32Cube/Example/Zigbee_OnOff_Client_Router/STM32_WPAN/App/app_zigbee.c:729:6:TL_ZIGBEE_M0RequestReceived	16	static
C:/Users/onwuk/STM32Cube/Example/Zigbee_OnOff_Client_Router/STM32_WPAN/App/app_zigbee.c:742:6:APP_ZIGBEE_TL_INIT	8	static
C:/Users/onwuk/STM32Cube/Example/Zigbee_OnOff_Client_Router/STM32_WPAN/App/app_zigbee.c:755:13:APP_ZIGBEE_ProcessNotifyM0ToM4	8	static
C:/Users/onwuk/STM32Cube/Example/Zigbee_OnOff_Client_Router/STM32_WPAN/App/app_zigbee.c:770:13:APP_ZIGBEE_ProcessRequestM0ToM4	8	static
C:/Users/onwuk/STM32Cube/Example/Zigbee_OnOff_Client_Router/STM32_WPAN/App/app_zigbee.c:786:13:APP_ZIGBEE_ConfigGroupAddr	24	static
C:/Users/onwuk/STM32Cube/Example/Zigbee_OnOff_Client_Router/STM32_WPAN/App/app_zigbee.c:801:13:APP_ZIGBEE_ConfigReporting	24	static
C:/Users/onwuk/STM32Cube/Example/Zigbee_OnOff_Client_Router/STM32_WPAN/App/app_zigbee.c:826:13:APP_ZIGBEE_SW1_Process	16	static
