../../Drivers/STM32WBxx_HAL_Driver/Inc/stm32wbxx_ll_pwr.h:1663:22:LL_C2_PWR_SetPowerMode	16	static
../../Drivers/STM32WBxx_HAL_Driver/Inc/stm32wbxx_ll_exti.h:391:22:LL_EXTI_EnableIT_32_63	16	static
../../Drivers/STM32WBxx_HAL_Driver/Inc/stm32wbxx_ll_exti.h:417:22:LL_C2_EXTI_EnableIT_32_63	16	static
../../Drivers/STM32WBxx_HAL_Driver/Inc/stm32wbxx_ll_rcc.h:1359:22:LL_RCC_HSE_SetCapacitorTuning	16	static
../../Drivers/STM32WBxx_HAL_Driver/Inc/stm32wbxx_ll_rcc.h:1510:22:LL_RCC_HSI_EnableAutoFromStop	4	static
../../Drivers/STM32WBxx_HAL_Driver/Inc/stm32wbxx_ll_rcc.h:2349:22:LL_RCC_SetClkAfterWakeFromStop	16	static
../../Drivers/STM32WBxx_HAL_Driver/Inc/stm32wbxx_ll_cortex.h:311:22:LL_LPM_EnableSleep	4	static
../../Drivers/STM32WBxx_HAL_Driver/Inc/stm32wbxx_ll_rtc.h:1012:22:LL_RTC_EnableWriteProtection	16	static
../../Drivers/STM32WBxx_HAL_Driver/Inc/stm32wbxx_ll_rtc.h:1023:22:LL_RTC_DisableWriteProtection	16	static
../../Drivers/STM32WBxx_HAL_Driver/Inc/stm32wbxx_ll_rtc.h:2927:22:LL_RTC_WAKEUP_SetClock	16	static
C:/Users/onwuk/STM32Cube/Example/Zigbee_OnOff_Client_Router/Core/Src/app_entry.c:123:6:MX_APPE_Config	8	static
C:/Users/onwuk/STM32Cube/Example/Zigbee_OnOff_Client_Router/Core/Src/app_entry.c:143:6:MX_APPE_Init	8	static
C:/Users/onwuk/STM32Cube/Example/Zigbee_OnOff_Client_Router/Core/Src/app_entry.c:173:6:Init_Smps	4	static
C:/Users/onwuk/STM32Cube/Example/Zigbee_OnOff_Client_Router/Core/Src/app_entry.c:191:6:Init_Exti	8	static
C:/Users/onwuk/STM32Cube/Example/Zigbee_OnOff_Client_Router/Core/Src/app_entry.c:208:13:Init_Debug	8	static
C:/Users/onwuk/STM32Cube/Example/Zigbee_OnOff_Client_Router/Core/Src/app_entry.c:249:13:Reset_Device	4	static
C:/Users/onwuk/STM32Cube/Example/Zigbee_OnOff_Client_Router/Core/Src/app_entry.c:318:13:Config_HSE	16	static
C:/Users/onwuk/STM32Cube/Example/Zigbee_OnOff_Client_Router/Core/Src/app_entry.c:334:13:System_Init	8	static
C:/Users/onwuk/STM32Cube/Example/Zigbee_OnOff_Client_Router/Core/Src/app_entry.c:345:13:Init_Rtc	8	static
C:/Users/onwuk/STM32Cube/Example/Zigbee_OnOff_Client_Router/Core/Src/app_entry.c:366:13:SystemPower_Config	8	static
C:/Users/onwuk/STM32Cube/Example/Zigbee_OnOff_Client_Router/Core/Src/app_entry.c:395:13:appe_Tl_Init	40	static
C:/Users/onwuk/STM32Cube/Example/Zigbee_OnOff_Client_Router/Core/Src/app_entry.c:421:13:APPE_SysStatusNot	16	static
C:/Users/onwuk/STM32Cube/Example/Zigbee_OnOff_Client_Router/Core/Src/app_entry.c:436:13:APPE_SysUserEvtRx	24	static
C:/Users/onwuk/STM32Cube/Example/Zigbee_OnOff_Client_Router/Core/Src/app_entry.c:461:13:APPE_SysEvtError	16	static
C:/Users/onwuk/STM32Cube/Example/Zigbee_OnOff_Client_Router/Core/Src/app_entry.c:475:13:APPE_SysEvtReadyProcessing	8	static
C:/Users/onwuk/STM32Cube/Example/Zigbee_OnOff_Client_Router/Core/Src/app_entry.c:485:13:Led_Init	8	static
C:/Users/onwuk/STM32Cube/Example/Zigbee_OnOff_Client_Router/Core/Src/app_entry.c:497:13:Button_Init	8	static
C:/Users/onwuk/STM32Cube/Example/Zigbee_OnOff_Client_Router/Core/Src/app_entry.c:516:6:HAL_Delay	24	static,ignoring_inline_asm
C:/Users/onwuk/STM32Cube/Example/Zigbee_OnOff_Client_Router/Core/Src/app_entry.c:545:6:MX_APPE_Process	8	static
C:/Users/onwuk/STM32Cube/Example/Zigbee_OnOff_Client_Router/Core/Src/app_entry.c:556:6:UTIL_SEQ_Idle	4	static
C:/Users/onwuk/STM32Cube/Example/Zigbee_OnOff_Client_Router/Core/Src/app_entry.c:570:6:UTIL_SEQ_EvtIdle	16	static
C:/Users/onwuk/STM32Cube/Example/Zigbee_OnOff_Client_Router/Core/Src/app_entry.c:598:6:shci_notify_asynch_evt	16	static
C:/Users/onwuk/STM32Cube/Example/Zigbee_OnOff_Client_Router/Core/Src/app_entry.c:605:6:shci_cmd_resp_release	16	static
C:/Users/onwuk/STM32Cube/Example/Zigbee_OnOff_Client_Router/Core/Src/app_entry.c:612:6:shci_cmd_resp_wait	16	static
C:/Users/onwuk/STM32Cube/Example/Zigbee_OnOff_Client_Router/Core/Src/app_entry.c:620:6:TL_TRACES_EvtReceived	16	static
C:/Users/onwuk/STM32Cube/Example/Zigbee_OnOff_Client_Router/Core/Src/app_entry.c:637:6:DbgOutputInit	8	static
C:/Users/onwuk/STM32Cube/Example/Zigbee_OnOff_Client_Router/Core/Src/app_entry.c:652:6:DbgOutputTraces	24	static
C:/Users/onwuk/STM32Cube/Example/Zigbee_OnOff_Client_Router/Core/Src/app_entry.c:665:6:HAL_GPIO_EXTI_Callback	16	static
C:/Users/onwuk/STM32Cube/Example/Zigbee_OnOff_Client_Router/Core/Src/app_entry.c:684:13:RxUART_Init	8	static
C:/Users/onwuk/STM32Cube/Example/Zigbee_OnOff_Client_Router/Core/Src/app_entry.c:689:13:RxCpltCallback	8	static
C:/Users/onwuk/STM32Cube/Example/Zigbee_OnOff_Client_Router/Core/Src/app_entry.c:714:13:UartCmdExecute	8	static
