../../Drivers/STM32WBxx_HAL_Driver/Inc/stm32wbxx_ll_rcc.h:1679:22:LL_RCC_LSE_SetDriveCapability	1
../../Drivers/STM32WBxx_HAL_Driver/Inc/stm32wbxx_ll_bus.h:364:22:LL_AHB1_GRP1_EnableClock	1
../../Drivers/STM32WBxx_HAL_Driver/Inc/stm32wbxx_ll_bus.h:539:22:LL_AHB2_GRP1_EnableClock	1
C:/Users/onwuk/STM32Cube/Example/Zigbee_OnOff_Client_Router/Core/Src/main.c:77:5:main	1
C:/Users/onwuk/STM32Cube/Example/Zigbee_OnOff_Client_Router/Core/Src/main.c:136:6:SystemClock_Config	3
C:/Users/onwuk/STM32Cube/Example/Zigbee_OnOff_Client_Router/Core/Src/main.c:187:6:PeriphCommonClock_Config	2
C:/Users/onwuk/STM32Cube/Example/Zigbee_OnOff_Client_Router/Core/Src/main.c:212:13:MX_IPCC_Init	2
C:/Users/onwuk/STM32Cube/Example/Zigbee_OnOff_Client_Router/Core/Src/main.c:238:6:MX_LPUART1_UART_Init	5
C:/Users/onwuk/STM32Cube/Example/Zigbee_OnOff_Client_Router/Core/Src/main.c:286:6:MX_USART1_UART_Init	5
C:/Users/onwuk/STM32Cube/Example/Zigbee_OnOff_Client_Router/Core/Src/main.c:334:13:MX_RF_Init	1
C:/Users/onwuk/STM32Cube/Example/Zigbee_OnOff_Client_Router/Core/Src/main.c:355:13:MX_RTC_Init	3
C:/Users/onwuk/STM32Cube/Example/Zigbee_OnOff_Client_Router/Core/Src/main.c:396:13:MX_DMA_Init	1
C:/Users/onwuk/STM32Cube/Example/Zigbee_OnOff_Client_Router/Core/Src/main.c:418:13:MX_GPIO_Init	1
C:/Users/onwuk/STM32Cube/Example/Zigbee_OnOff_Client_Router/Core/Src/main.c:440:6:Error_Handler	1
