C:/Users/onwuk/STM32Cube/Example/Zigbee_OnOff_Client_Router/Middlewares/ST/STM32_WPAN/interface/patterns/ble_thread/tl/tl_mbox.c:84:6:TL_Enable	8	static
C:/Users/onwuk/STM32Cube/Example/Zigbee_OnOff_Client_Router/Middlewares/ST/STM32_WPAN/interface/patterns/ble_thread/tl/tl_mbox.c:92:6:TL_Init	8	static
C:/Users/onwuk/STM32Cube/Example/Zigbee_OnOff_Client_Router/Middlewares/ST/STM32_WPAN/interface/patterns/ble_thread/tl/tl_mbox.c:112:9:TL_BLE_Init	24	static
C:/Users/onwuk/STM32Cube/Example/Zigbee_OnOff_Client_Router/Middlewares/ST/STM32_WPAN/interface/patterns/ble_thread/tl/tl_mbox.c:135:9:TL_BLE_SendCmd	16	static
C:/Users/onwuk/STM32Cube/Example/Zigbee_OnOff_Client_Router/Middlewares/ST/STM32_WPAN/interface/patterns/ble_thread/tl/tl_mbox.c:149:6:HW_IPCC_BLE_RxEvtNot	16	static
C:/Users/onwuk/STM32Cube/Example/Zigbee_OnOff_Client_Router/Middlewares/ST/STM32_WPAN/interface/patterns/ble_thread/tl/tl_mbox.c:172:9:TL_BLE_SendAclData	16	static
C:/Users/onwuk/STM32Cube/Example/Zigbee_OnOff_Client_Router/Middlewares/ST/STM32_WPAN/interface/patterns/ble_thread/tl/tl_mbox.c:186:6:HW_IPCC_BLE_AclDataAckNot	8	static
C:/Users/onwuk/STM32Cube/Example/Zigbee_OnOff_Client_Router/Middlewares/ST/STM32_WPAN/interface/patterns/ble_thread/tl/tl_mbox.c:198:9:TL_SYS_Init	24	static
C:/Users/onwuk/STM32Cube/Example/Zigbee_OnOff_Client_Router/Middlewares/ST/STM32_WPAN/interface/patterns/ble_thread/tl/tl_mbox.c:217:9:TL_SYS_SendCmd	16	static
C:/Users/onwuk/STM32Cube/Example/Zigbee_OnOff_Client_Router/Middlewares/ST/STM32_WPAN/interface/patterns/ble_thread/tl/tl_mbox.c:231:6:HW_IPCC_SYS_CmdEvtNot	8	static
C:/Users/onwuk/STM32Cube/Example/Zigbee_OnOff_Client_Router/Middlewares/ST/STM32_WPAN/interface/patterns/ble_thread/tl/tl_mbox.c:240:6:HW_IPCC_SYS_EvtNot	16	static
C:/Users/onwuk/STM32Cube/Example/Zigbee_OnOff_Client_Router/Middlewares/ST/STM32_WPAN/interface/patterns/ble_thread/tl/tl_mbox.c:519:6:TL_ZIGBEE_Init	24	static
C:/Users/onwuk/STM32Cube/Example/Zigbee_OnOff_Client_Router/Middlewares/ST/STM32_WPAN/interface/patterns/ble_thread/tl/tl_mbox.c:534:6:TL_ZIGBEE_SendM4RequestToM0	8	static
C:/Users/onwuk/STM32Cube/Example/Zigbee_OnOff_Client_Router/Middlewares/ST/STM32_WPAN/interface/patterns/ble_thread/tl/tl_mbox.c:544:6:HW_IPCC_ZIGBEE_RecvAppliAckFromM0	8	static
C:/Users/onwuk/STM32Cube/Example/Zigbee_OnOff_Client_Router/Middlewares/ST/STM32_WPAN/interface/patterns/ble_thread/tl/tl_mbox.c:552:6:HW_IPCC_ZIGBEE_RecvM0NotifyToM4	8	static
C:/Users/onwuk/STM32Cube/Example/Zigbee_OnOff_Client_Router/Middlewares/ST/STM32_WPAN/interface/patterns/ble_thread/tl/tl_mbox.c:560:6:TL_ZIGBEE_SendM4AckToM0Notify	8	static
C:/Users/onwuk/STM32Cube/Example/Zigbee_OnOff_Client_Router/Middlewares/ST/STM32_WPAN/interface/patterns/ble_thread/tl/tl_mbox.c:570:6:HW_IPCC_ZIGBEE_RecvM0RequestToM4	8	static
C:/Users/onwuk/STM32Cube/Example/Zigbee_OnOff_Client_Router/Middlewares/ST/STM32_WPAN/interface/patterns/ble_thread/tl/tl_mbox.c:578:6:TL_ZIGBEE_SendM4AckToM0Request	8	static
C:/Users/onwuk/STM32Cube/Example/Zigbee_OnOff_Client_Router/Middlewares/ST/STM32_WPAN/interface/patterns/ble_thread/tl/tl_mbox.c:588:13:TL_ZIGBEE_CmdEvtReceived	16	static
C:/Users/onwuk/STM32Cube/Example/Zigbee_OnOff_Client_Router/Middlewares/ST/STM32_WPAN/interface/patterns/ble_thread/tl/tl_mbox.c:589:13:TL_ZIGBEE_NotReceived	16	static
C:/Users/onwuk/STM32Cube/Example/Zigbee_OnOff_Client_Router/Middlewares/ST/STM32_WPAN/interface/patterns/ble_thread/tl/tl_mbox.c:597:6:TL_MM_Init	16	static
C:/Users/onwuk/STM32Cube/Example/Zigbee_OnOff_Client_Router/Middlewares/ST/STM32_WPAN/interface/patterns/ble_thread/tl/tl_mbox.c:617:6:TL_MM_EvtDone	16	static
C:/Users/onwuk/STM32Cube/Example/Zigbee_OnOff_Client_Router/Middlewares/ST/STM32_WPAN/interface/patterns/ble_thread/tl/tl_mbox.c:628:13:SendFreeBuf	16	static
C:/Users/onwuk/STM32Cube/Example/Zigbee_OnOff_Client_Router/Middlewares/ST/STM32_WPAN/interface/patterns/ble_thread/tl/tl_mbox.c:644:6:TL_TRACES_Init	8	static
C:/Users/onwuk/STM32Cube/Example/Zigbee_OnOff_Client_Router/Middlewares/ST/STM32_WPAN/interface/patterns/ble_thread/tl/tl_mbox.c:655:6:HW_IPCC_TRACES_EvtNot	16	static
C:/Users/onwuk/STM32Cube/Example/Zigbee_OnOff_Client_Router/Middlewares/ST/STM32_WPAN/interface/patterns/ble_thread/tl/tl_mbox.c:668:13:TL_TRACES_EvtReceived	16	static
C:/Users/onwuk/STM32Cube/Example/Zigbee_OnOff_Client_Router/Middlewares/ST/STM32_WPAN/interface/patterns/ble_thread/tl/tl_mbox.c:676:13:OutputDbgTrace	32	static
